// Jest Snapshot v1, https://goo.gl/fbAQLP

exports[`AlignmentViewer Should render 1`] = `
<div
  className="alignment_viewer"
>
  <MiniMap
    alignHorizontal="right"
    alignVertical="top"
    alignment={
      Alignment {
        "allAlphaLettersSorted": Array [],
        "consensus": Array [],
        "globalAlphaLetterCounts": Object {},
        "name": "",
        "positionalLetterCounts": Map {},
        "sequences": Map {
          SequenceSortOptions {
            "description": "As input",
            "distanceFn": undefined,
            "isTargetSequenceDependent": false,
            "key": "as-input",
          } => Array [],
        },
        "targetSequence": undefined,
      }
    }
    height={500}
    onClick={[Function]}
    sortBy={
      SequenceSortOptions {
        "description": "As input",
        "distanceFn": undefined,
        "isTargetSequenceDependent": false,
        "key": "as-input",
      }
    }
    style={
      NucleotideAlignmentStyle {
        "alignmentType": AlignmentTypes {
          "allColorSchemes": Array [
            Object {
              "backgroundAlpha": NaN,
              "className": "",
              "colors": Object {
                "": "",
              },
              "commonName": "Default",
              "description": "",
            },
          ],
          "className": undefined,
          "description": "Nucleotide Sequences",
          "key": "nucleotide-alignment",
        },
        "allColorSchemes": Array [
          Object {
            "backgroundAlpha": NaN,
            "className": "",
            "colors": Object {
              "": "",
            },
            "commonName": "Default",
            "description": "",
          },
        ],
        "colorScheme": Object {
          "backgroundAlpha": NaN,
          "className": "",
          "colors": Object {
            "": "",
          },
          "commonName": "Default",
          "description": "",
        },
        "positionsToStyle": PositionsToStyle {
          "className": undefined,
          "description": "All",
          "key": "all",
        },
        "residueDetail": ResidueDetailTypes {
          "className": "",
          "description": "Style Background and Letters",
          "key": "both",
        },
      }
    }
    width={-1}
  />
  <div
    className="av-widget av-conservation-gaps"
  >
    <div
      className="av-annotation"
    >
      Conservation / gaps:
    </div>
    <div
      className="av-content"
    >
      <SequenceConservationComponent
        alignment={
          Alignment {
            "allAlphaLettersSorted": Array [],
            "consensus": Array [],
            "globalAlphaLetterCounts": Object {},
            "name": "",
            "positionalLetterCounts": Map {},
            "sequences": Map {
              SequenceSortOptions {
                "description": "As input",
                "distanceFn": undefined,
                "isTargetSequenceDependent": false,
                "key": "as-input",
              } => Array [],
            },
            "targetSequence": undefined,
          }
        }
        characterWidth={0}
        id="sequence_conservation"
      />
    </div>
  </div>
  <div
    className="av-widget av-sequence-logo"
  >
    <div
      className="av-annotation"
    >
      Logo:
    </div>
    <div
      className="av-content"
    >
      <div
        className="logo_box undefined  undefined"
      >
        <SequenceLogoComponent
          alignment={
            Alignment {
              "allAlphaLettersSorted": Array [],
              "consensus": Array [],
              "globalAlphaLetterCounts": Object {},
              "name": "",
              "positionalLetterCounts": Map {},
              "sequences": Map {
                SequenceSortOptions {
                  "description": "As input",
                  "distanceFn": undefined,
                  "isTargetSequenceDependent": false,
                  "key": "as-input",
                } => Array [],
              },
              "targetSequence": undefined,
            }
          }
          glyphWidth={0}
          id="sequence_logo"
          logoType="bar plot"
        />
      </div>
    </div>
  </div>
  <div
    className="av-widget av-consensus-seq"
  >
    <div
      className="av-annotation"
    >
      Consensus sequence:
    </div>
    <div
      className="av-content"
    >
      <div
        className="consensusseq_box"
      >
        <AceMSAComponent
          alignment={
            Alignment {
              "allAlphaLettersSorted": Array [],
              "consensus": Array [],
              "globalAlphaLetterCounts": Object {},
              "name": "",
              "positionalLetterCounts": Map {},
              "sequences": Map {
                SequenceSortOptions {
                  "description": "As input",
                  "distanceFn": undefined,
                  "isTargetSequenceDependent": false,
                  "key": "as-input",
                } => Array [],
              },
              "targetSequence": undefined,
            }
          }
          editorLoaded={[Function]}
          fontSize={0}
          id="ace-consensusseq"
          sortBy={
            SequenceSortOptions {
              "description": "As input",
              "distanceFn": undefined,
              "isTargetSequenceDependent": false,
              "key": "as-input",
            }
          }
          topLevelClassNames="   "
          type={1}
        />
      </div>
    </div>
  </div>
  <div
    className="av-widget av-target-seq"
  >
    <div
      className="av-annotation"
    >
      Query sequence:
    </div>
    <div
      className="av-content"
    >
      <div
        className="queryseq_box"
      >
        <AceMSAComponent
          alignment={
            Alignment {
              "allAlphaLettersSorted": Array [],
              "consensus": Array [],
              "globalAlphaLetterCounts": Object {},
              "name": "",
              "positionalLetterCounts": Map {},
              "sequences": Map {
                SequenceSortOptions {
                  "description": "As input",
                  "distanceFn": undefined,
                  "isTargetSequenceDependent": false,
                  "key": "as-input",
                } => Array [],
              },
              "targetSequence": undefined,
            }
          }
          editorLoaded={[Function]}
          fontSize={0}
          id="ace-queryseq"
          sortBy={
            SequenceSortOptions {
              "description": "As input",
              "distanceFn": undefined,
              "isTargetSequenceDependent": false,
              "key": "as-input",
            }
          }
          topLevelClassNames="   "
          type={0}
        />
      </div>
    </div>
  </div>
  <div
    className="av-widget av-position-indicator"
  >
    <div
      className="av-annotation"
    >
      Position:
    </div>
    <div
      className="av-content"
    >
      <div
        className="position_box"
      >
        <AceMSAComponent
          alignment={
            Alignment {
              "allAlphaLettersSorted": Array [],
              "consensus": Array [],
              "globalAlphaLetterCounts": Object {},
              "name": "",
              "positionalLetterCounts": Map {},
              "sequences": Map {
                SequenceSortOptions {
                  "description": "As input",
                  "distanceFn": undefined,
                  "isTargetSequenceDependent": false,
                  "key": "as-input",
                } => Array [],
              },
              "targetSequence": undefined,
            }
          }
          editorLoaded={[Function]}
          fontSize={0}
          id="ace-positions"
          sortBy={
            SequenceSortOptions {
              "description": "As input",
              "distanceFn": undefined,
              "isTargetSequenceDependent": false,
              "key": "as-input",
            }
          }
          type={4}
        />
      </div>
    </div>
  </div>
  <div
    className="av-widget av-ace-msa"
  >
    <div
      className="av-annotation"
    >
      <div
        className="alignment_metadata_box"
      >
        <AceMSAComponent
          alignment={
            Alignment {
              "allAlphaLettersSorted": Array [],
              "consensus": Array [],
              "globalAlphaLetterCounts": Object {},
              "name": "",
              "positionalLetterCounts": Map {},
              "sequences": Map {
                SequenceSortOptions {
                  "description": "As input",
                  "distanceFn": undefined,
                  "isTargetSequenceDependent": false,
                  "key": "as-input",
                } => Array [],
              },
              "targetSequence": undefined,
            }
          }
          characterSizeChanged={[Function]}
          editorLoaded={[Function]}
          fontSize={0}
          id="ace-alignment-metadata"
          sortBy={
            SequenceSortOptions {
              "description": "As input",
              "distanceFn": undefined,
              "isTargetSequenceDependent": false,
              "key": "as-input",
            }
          }
          type={3}
        />
      </div>
    </div>
    <div
      className="av-content"
    >
      <div
        className="alignment_box"
      >
        <AceMSAComponent
          alignment={
            Alignment {
              "allAlphaLettersSorted": Array [],
              "consensus": Array [],
              "globalAlphaLetterCounts": Object {},
              "name": "",
              "positionalLetterCounts": Map {},
              "sequences": Map {
                SequenceSortOptions {
                  "description": "As input",
                  "distanceFn": undefined,
                  "isTargetSequenceDependent": false,
                  "key": "as-input",
                } => Array [],
              },
              "targetSequence": undefined,
            }
          }
          characterSizeChanged={[Function]}
          editorLoaded={[Function]}
          fontSize={0}
          id="ace-alignment"
          sortBy={
            SequenceSortOptions {
              "description": "As input",
              "distanceFn": undefined,
              "isTargetSequenceDependent": false,
              "key": "as-input",
            }
          }
          topLevelClassNames="   "
          type={2}
        />
      </div>
    </div>
  </div>
</div>
`;
