// Jest Snapshot v1, https://goo.gl/fbAQLP

exports[`SequenceConservationComponent Should render when given default props. 1`] = `
<div>
  <div
    style={
      Object {
        "backgroundColor": "rgba(255,255,255,0.9)",
        "border": "solid 1px black",
        "color": "red",
        "padding": "3px",
        "position": "absolute",
        "right": 0,
        "top": 0,
        "visibility": "hidden",
        "zIndex": 1000,
      }
    }
  >
    <span
      style={
        Object {
          "color": "#000000",
        }
      }
    >
      Entropy
    </span>
    <span
      style={
        Object {
          "color": "#b7b7b7",
          "paddingLeft": 10,
        }
      }
    >
      # Gaps
    </span>
  </div>
  <div
    id="test-sequence-logo-component"
  >
    <div
      className="svg_container"
    >
      <svg
        className="conservation"
        onMouseEnter={[Function]}
        onMouseLeave={[Function]}
        preserveAspectRatio="none"
        style={
          Object {
            "height": 100,
            "width": -3,
          }
        }
        viewBox="0 0 -1 100"
        xmlns="http://www.w3.org/2000/svg"
      >
        <g
          className="gapCount"
        />
        <g
          className="entropy"
        />
      </svg>
    </div>
  </div>
</div>
`;
