// Jest Snapshot v1, https://goo.gl/fbAQLP

exports[`AceMSAComponent Should render for an ace editor of type '0' 1`] = `
<div
  onMouseLeave={[Function]}
>
  <div
    id="ace-msa-editor"
  />
</div>
`;

exports[`AceMSAComponent Should render for an ace editor of type '1' 1`] = `
<div
  onMouseLeave={[Function]}
>
  <div
    id="ace-msa-editor"
  />
</div>
`;

exports[`AceMSAComponent Should render for an ace editor of type '2' 1`] = `
<div
  onMouseLeave={[Function]}
>
  <div
    id="ace-msa-editor"
  />
</div>
`;

exports[`AceMSAComponent Should render for an ace editor of type '4' 1`] = `
<div
  onMouseLeave={[Function]}
>
  <div
    id="ace-msa-editor"
  />
</div>
`;

exports[`AceMSAComponent Should render when given default props. 1`] = `
<div
  onMouseLeave={[Function]}
>
  <div
    id="ace-msa-editor"
  />
</div>
`;
