// Jest Snapshot v1, https://goo.gl/fbAQLP

exports[`MiniMap Should render with default props. 1`] = `
<div
  className="minimap-holder"
  style={
    Object {
      "borderWidth": "1px",
      "direction": "rtl",
      "margin": "2px",
      "position": "absolute",
      "resize": "none",
      "right": 0,
      "width": 115,
    }
  }
>
  <CanvasAlignmentComponent
    alignment={
      Alignment {
        "aceEditorMode": undefined,
        "allUpperAlphaLettersInAlignmentSorted": Array [],
        "consensus": Object {
          "id": "consensus",
          "sequence": "",
        },
        "globalAlphaLetterCounts": Object {},
        "maxSequenceLength": NaN,
        "name": "",
        "positionalLetterCounts": Map {},
        "predictedNT": true,
        "querySequence": undefined,
        "sequences": Map {
          SequenceSorter {
            "description": "As input",
            "isQuerySequenceDependent": false,
            "key": "as-input",
            "sortFn": [Function],
            "targetAlignmentType": "both",
          } => Array [],
        },
        "uuid": "10000000-1000-4000-8000-100000000000",
      }
    }
    alignmentType={
      AlignmentTypes {
        "allColorSchemes": Array [
          Object {
            "backgroundAlpha": 0,
            "className": "mock-aa-class",
            "colors": Object {
              "": "",
            },
            "commonName": "Default",
            "description": "mock-aa-style-desc",
          },
        ],
        "className": undefined,
        "description": "Amino Acid Sequences",
        "key": "aminoacid-alignment",
      }
    }
    colorScheme={
      Object {
        "backgroundAlpha": 0,
        "className": "mock-aa-class",
        "colors": Object {
          "": "",
        },
        "commonName": "Default",
        "description": "mock-aa-style-desc",
      }
    }
    onClick={[Function]}
    onIndicatorDrag={[Function]}
    positionsToStyle={
      PositionsToStyle {
        "className": undefined,
        "description": "All",
        "key": "all",
      }
    }
    sortBy={
      SequenceSorter {
        "description": "As input",
        "isQuerySequenceDependent": false,
        "key": "as-input",
        "sortFn": [Function],
        "targetAlignmentType": "both",
      }
    }
    stageDimensions={
      Object {
        "height": 768,
        "width": 101,
      }
    }
  />
</div>
`;
